Analysis & Synthesis report for picoMIPS
Wed May 01 20:15:06 2019
Quartus Prime Version 16.1.0 Build 196 10/24/2016 SJ Lite Edition


---------------------
; Table of Contents ;
---------------------
  1. Legal Notice
  2. Analysis & Synthesis Summary
  3. Analysis & Synthesis Settings
  4. Parallel Compilation
  5. Analysis & Synthesis Source Files Read
  6. Analysis & Synthesis Resource Usage Summary
  7. Analysis & Synthesis Resource Utilization by Entity
  8. Analysis & Synthesis DSP Block Usage Summary
  9. Registers Removed During Synthesis
 10. General Register Statistics
 11. Multiplexer Restructuring Statistics (Restructuring Performed)
 12. Parameter Settings for User Entity Instance: counter:c
 13. Parameter Settings for User Entity Instance: cpu:CPU01
 14. Parameter Settings for User Entity Instance: cpu:CPU01|pc:PRC0
 15. Parameter Settings for User Entity Instance: cpu:CPU01|ROM:ROM0
 16. Parameter Settings for User Entity Instance: cpu:CPU01|registers:GPR0
 17. Parameter Settings for User Entity Instance: cpu:CPU01|alu:ALU0
 18. Port Connectivity Checks: "cpu:CPU01|alu:ALU0|signed_mult:MUL0"
 19. Port Connectivity Checks: "cpu:CPU01|port:PRT0"
 20. Post-Synthesis Netlist Statistics for Top Partition
 21. Elapsed Time Per Partition
 22. Analysis & Synthesis Messages
 23. Analysis & Synthesis Suppressed Messages



----------------
; Legal Notice ;
----------------
Copyright (C) 2016  Intel Corporation. All rights reserved.
Your use of Intel Corporation's design tools, logic functions 
and other software and tools, and its AMPP partner logic 
functions, and any output files from any of the foregoing 
(including device programming or simulation files), and any 
associated documentation or information are expressly subject 
to the terms and conditions of the Intel Program License 
Subscription Agreement, the Intel Quartus Prime License Agreement,
the Intel MegaCore Function License Agreement, or other 
applicable license agreement, including, without limitation, 
that your use is for the sole purpose of programming logic 
devices manufactured by Intel and sold by Intel or its 
authorized distributors.  Please refer to the applicable 
agreement for further details.



+-------------------------------------------------------------------------------+
; Analysis & Synthesis Summary                                                  ;
+---------------------------------+---------------------------------------------+
; Analysis & Synthesis Status     ; Successful - Wed May 01 20:15:06 2019       ;
; Quartus Prime Version           ; 16.1.0 Build 196 10/24/2016 SJ Lite Edition ;
; Revision Name                   ; picoMIPS                                    ;
; Top-level Entity Name           ; picoMIPS4test                               ;
; Family                          ; Cyclone V                                   ;
; Logic utilization (in ALMs)     ; N/A                                         ;
; Total registers                 ; 65                                          ;
; Total pins                      ; 20                                          ;
; Total virtual pins              ; 0                                           ;
; Total block memory bits         ; 0                                           ;
; Total DSP Blocks                ; 1                                           ;
; Total HSSI RX PCSs              ; 0                                           ;
; Total HSSI PMA RX Deserializers ; 0                                           ;
; Total HSSI TX PCSs              ; 0                                           ;
; Total HSSI PMA TX Serializers   ; 0                                           ;
; Total PLLs                      ; 0                                           ;
; Total DLLs                      ; 0                                           ;
+---------------------------------+---------------------------------------------+


+---------------------------------------------------------------------------------------------------------------------------+
; Analysis & Synthesis Settings                                                                                             ;
+---------------------------------------------------------------------------------+--------------------+--------------------+
; Option                                                                          ; Setting            ; Default Value      ;
+---------------------------------------------------------------------------------+--------------------+--------------------+
; Device                                                                          ; 5CSEMA5F31C6       ;                    ;
; Top-level entity name                                                           ; picoMIPS4test      ; picoMIPS           ;
; Family name                                                                     ; Cyclone V          ; Cyclone V          ;
; Use smart compilation                                                           ; Off                ; Off                ;
; Enable parallel Assembler and TimeQuest Timing Analyzer during compilation      ; On                 ; On                 ;
; Enable compact report table                                                     ; Off                ; Off                ;
; Restructure Multiplexers                                                        ; Auto               ; Auto               ;
; MLAB Add Timing Constraints For Mixed-Port Feed-Through Mode Setting Don't Care ; Off                ; Off                ;
; Create Debugging Nodes for IP Cores                                             ; Off                ; Off                ;
; Preserve fewer node names                                                       ; On                 ; On                 ;
; OpenCore Plus hardware evaluation                                               ; Enable             ; Enable             ;
; Verilog Version                                                                 ; Verilog_2001       ; Verilog_2001       ;
; VHDL Version                                                                    ; VHDL_1993          ; VHDL_1993          ;
; State Machine Processing                                                        ; Auto               ; Auto               ;
; Safe State Machine                                                              ; Off                ; Off                ;
; Extract Verilog State Machines                                                  ; On                 ; On                 ;
; Extract VHDL State Machines                                                     ; On                 ; On                 ;
; Ignore Verilog initial constructs                                               ; Off                ; Off                ;
; Iteration limit for constant Verilog loops                                      ; 5000               ; 5000               ;
; Iteration limit for non-constant Verilog loops                                  ; 250                ; 250                ;
; Add Pass-Through Logic to Inferred RAMs                                         ; On                 ; On                 ;
; Infer RAMs from Raw Logic                                                       ; On                 ; On                 ;
; Parallel Synthesis                                                              ; On                 ; On                 ;
; DSP Block Balancing                                                             ; Auto               ; Auto               ;
; NOT Gate Push-Back                                                              ; On                 ; On                 ;
; Power-Up Don't Care                                                             ; On                 ; On                 ;
; Remove Redundant Logic Cells                                                    ; Off                ; Off                ;
; Remove Duplicate Registers                                                      ; On                 ; On                 ;
; Ignore CARRY Buffers                                                            ; Off                ; Off                ;
; Ignore CASCADE Buffers                                                          ; Off                ; Off                ;
; Ignore GLOBAL Buffers                                                           ; Off                ; Off                ;
; Ignore ROW GLOBAL Buffers                                                       ; Off                ; Off                ;
; Ignore LCELL Buffers                                                            ; Off                ; Off                ;
; Ignore SOFT Buffers                                                             ; On                 ; On                 ;
; Limit AHDL Integers to 32 Bits                                                  ; Off                ; Off                ;
; Optimization Technique                                                          ; Balanced           ; Balanced           ;
; Carry Chain Length                                                              ; 70                 ; 70                 ;
; Auto Carry Chains                                                               ; On                 ; On                 ;
; Auto Open-Drain Pins                                                            ; On                 ; On                 ;
; Perform WYSIWYG Primitive Resynthesis                                           ; Off                ; Off                ;
; Auto ROM Replacement                                                            ; On                 ; On                 ;
; Auto RAM Replacement                                                            ; On                 ; On                 ;
; Auto DSP Block Replacement                                                      ; On                 ; On                 ;
; Auto Shift Register Replacement                                                 ; Auto               ; Auto               ;
; Allow Shift Register Merging across Hierarchies                                 ; Auto               ; Auto               ;
; Auto Clock Enable Replacement                                                   ; On                 ; On                 ;
; Strict RAM Replacement                                                          ; Off                ; Off                ;
; Allow Synchronous Control Signals                                               ; On                 ; On                 ;
; Force Use of Synchronous Clear Signals                                          ; Off                ; Off                ;
; Auto Resource Sharing                                                           ; Off                ; Off                ;
; Allow Any RAM Size For Recognition                                              ; Off                ; Off                ;
; Allow Any ROM Size For Recognition                                              ; Off                ; Off                ;
; Allow Any Shift Register Size For Recognition                                   ; Off                ; Off                ;
; Use LogicLock Constraints during Resource Balancing                             ; On                 ; On                 ;
; Ignore translate_off and synthesis_off directives                               ; Off                ; Off                ;
; Timing-Driven Synthesis                                                         ; On                 ; On                 ;
; Report Parameter Settings                                                       ; On                 ; On                 ;
; Report Source Assignments                                                       ; On                 ; On                 ;
; Report Connectivity Checks                                                      ; On                 ; On                 ;
; Ignore Maximum Fan-Out Assignments                                              ; Off                ; Off                ;
; Synchronization Register Chain Length                                           ; 3                  ; 3                  ;
; PowerPlay Power Optimization During Synthesis                                   ; Normal compilation ; Normal compilation ;
; HDL message level                                                               ; Level2             ; Level2             ;
; Suppress Register Optimization Related Messages                                 ; Off                ; Off                ;
; Number of Removed Registers Reported in Synthesis Report                        ; 5000               ; 5000               ;
; Number of Swept Nodes Reported in Synthesis Report                              ; 5000               ; 5000               ;
; Number of Inverted Registers Reported in Synthesis Report                       ; 100                ; 100                ;
; Clock MUX Protection                                                            ; On                 ; On                 ;
; Auto Gated Clock Conversion                                                     ; Off                ; Off                ;
; Block Design Naming                                                             ; Auto               ; Auto               ;
; SDC constraint protection                                                       ; Off                ; Off                ;
; Synthesis Effort                                                                ; Auto               ; Auto               ;
; Shift Register Replacement - Allow Asynchronous Clear Signal                    ; On                 ; On                 ;
; Pre-Mapping Resynthesis Optimization                                            ; Off                ; Off                ;
; Analysis & Synthesis Message Level                                              ; Medium             ; Medium             ;
; Disable Register Merging Across Hierarchies                                     ; Auto               ; Auto               ;
; Resource Aware Inference For Block RAM                                          ; On                 ; On                 ;
; Automatic Parallel Synthesis                                                    ; On                 ; On                 ;
; Partial Reconfiguration Bitstream ID                                            ; Off                ; Off                ;
+---------------------------------------------------------------------------------+--------------------+--------------------+


+------------------------------------------+
; Parallel Compilation                     ;
+----------------------------+-------------+
; Processors                 ; Number      ;
+----------------------------+-------------+
; Number detected on machine ; 8           ;
; Maximum allowed            ; 4           ;
;                            ;             ;
; Average used               ; 1.00        ;
; Maximum used               ; 4           ;
;                            ;             ;
; Usage by Processor         ; % Time Used ;
;     Processor 1            ; 100.0%      ;
;     Processors 2-4         ;   0.0%      ;
+----------------------------+-------------+


+---------------------------------------------------------------------------------------------------------------------------------------------------------------------------+
; Analysis & Synthesis Source Files Read                                                                                                                                    ;
+----------------------------------+-----------------+---------------------------------------+--------------------------------------------------------------------+---------+
; File Name with User-Entered Path ; Used in Netlist ; File Type                             ; File Name with Absolute Path                                       ; Library ;
+----------------------------------+-----------------+---------------------------------------+--------------------------------------------------------------------+---------+
; ../src/design/affine2.hex        ; yes             ; User Hexadecimal (Intel-Format) File  ; C:/Users/Peter/Home/Projects/SV/EP-cwk/src/design/affine2.hex      ;         ;
; ../src/design/port.sv            ; yes             ; User SystemVerilog HDL File           ; C:/Users/Peter/Home/Projects/SV/EP-cwk/src/design/port.sv          ;         ;
; ../src/design/signed_mult.sv     ; yes             ; User SystemVerilog HDL File           ; C:/Users/Peter/Home/Projects/SV/EP-cwk/src/design/signed_mult.sv   ;         ;
; ../src/design/ROM.sv             ; yes             ; User SystemVerilog HDL File           ; C:/Users/Peter/Home/Projects/SV/EP-cwk/src/design/ROM.sv           ;         ;
; ../src/design/registers.sv       ; yes             ; User SystemVerilog HDL File           ; C:/Users/Peter/Home/Projects/SV/EP-cwk/src/design/registers.sv     ;         ;
; ../src/design/picoMIPS4test.sv   ; yes             ; User SystemVerilog HDL File           ; C:/Users/Peter/Home/Projects/SV/EP-cwk/src/design/picoMIPS4test.sv ;         ;
; ../src/design/pc.sv              ; yes             ; User SystemVerilog HDL File           ; C:/Users/Peter/Home/Projects/SV/EP-cwk/src/design/pc.sv            ;         ;
; ../src/design/opcodes.sv         ; yes             ; User SystemVerilog HDL File           ; C:/Users/Peter/Home/Projects/SV/EP-cwk/src/design/opcodes.sv       ;         ;
; ../src/design/decoder.sv         ; yes             ; User SystemVerilog HDL File           ; C:/Users/Peter/Home/Projects/SV/EP-cwk/src/design/decoder.sv       ;         ;
; ../src/design/cpu.sv             ; yes             ; User SystemVerilog HDL File           ; C:/Users/Peter/Home/Projects/SV/EP-cwk/src/design/cpu.sv           ;         ;
; ../src/design/counter.sv         ; yes             ; User SystemVerilog HDL File           ; C:/Users/Peter/Home/Projects/SV/EP-cwk/src/design/counter.sv       ;         ;
; ../src/design/alucodes.sv        ; yes             ; User SystemVerilog HDL File           ; C:/Users/Peter/Home/Projects/SV/EP-cwk/src/design/alucodes.sv      ;         ;
; ../src/design/alu.sv             ; yes             ; User SystemVerilog HDL File           ; C:/Users/Peter/Home/Projects/SV/EP-cwk/src/design/alu.sv           ;         ;
+----------------------------------+-----------------+---------------------------------------+--------------------------------------------------------------------+---------+


+-------------------------------------------------------------------+
; Analysis & Synthesis Resource Usage Summary                       ;
+---------------------------------------------+---------------------+
; Resource                                    ; Usage               ;
+---------------------------------------------+---------------------+
; Estimate of Logic utilization (ALMs needed) ; 65                  ;
;                                             ;                     ;
; Combinational ALUT usage for logic          ; 109                 ;
;     -- 7 input functions                    ; 0                   ;
;     -- 6 input functions                    ; 16                  ;
;     -- 5 input functions                    ; 27                  ;
;     -- 4 input functions                    ; 19                  ;
;     -- <=3 input functions                  ; 47                  ;
;                                             ;                     ;
; Dedicated logic registers                   ; 65                  ;
;                                             ;                     ;
; I/O pins                                    ; 20                  ;
;                                             ;                     ;
; Total DSP Blocks                            ; 1                   ;
;                                             ;                     ;
; Maximum fan-out node                        ; counter:c|count[23] ;
; Maximum fan-out                             ; 43                  ;
; Total fan-out                               ; 638                 ;
; Average fan-out                             ; 2.97                ;
+---------------------------------------------+---------------------+


+--------------------------------------------------------------------------------------------------------------------------------------------------------------------------------------------------------------------------+
; Analysis & Synthesis Resource Utilization by Entity                                                                                                                                                                      ;
+-----------------------------+---------------------+---------------------------+-------------------+------------+------+--------------+----------------------------------------------------+---------------+--------------+
; Compilation Hierarchy Node  ; Combinational ALUTs ; Dedicated Logic Registers ; Block Memory Bits ; DSP Blocks ; Pins ; Virtual Pins ; Full Hierarchy Name                                ; Entity Name   ; Library Name ;
+-----------------------------+---------------------+---------------------------+-------------------+------------+------+--------------+----------------------------------------------------+---------------+--------------+
; |picoMIPS4test              ; 109 (0)             ; 65 (0)                    ; 0                 ; 1          ; 20   ; 0            ; |picoMIPS4test                                     ; picoMIPS4test ; work         ;
;    |counter:c|              ; 24 (24)             ; 24 (24)                   ; 0                 ; 0          ; 0    ; 0            ; |picoMIPS4test|counter:c                           ; counter       ; work         ;
;    |cpu:CPU01|              ; 85 (44)             ; 41 (0)                    ; 0                 ; 1          ; 0    ; 0            ; |picoMIPS4test|cpu:CPU01                           ; cpu           ; work         ;
;       |ROM:ROM0|            ; 11 (11)             ; 0 (0)                     ; 0                 ; 0          ; 0    ; 0            ; |picoMIPS4test|cpu:CPU01|ROM:ROM0                  ; ROM           ; work         ;
;       |alu:ALU0|            ; 16 (16)             ; 0 (0)                     ; 0                 ; 1          ; 0    ; 0            ; |picoMIPS4test|cpu:CPU01|alu:ALU0                  ; alu           ; work         ;
;          |signed_mult:MUL0| ; 0 (0)               ; 0 (0)                     ; 0                 ; 1          ; 0    ; 0            ; |picoMIPS4test|cpu:CPU01|alu:ALU0|signed_mult:MUL0 ; signed_mult   ; work         ;
;       |decoder:DCR0|        ; 2 (2)               ; 0 (0)                     ; 0                 ; 0          ; 0    ; 0            ; |picoMIPS4test|cpu:CPU01|decoder:DCR0              ; decoder       ; work         ;
;       |pc:PRC0|             ; 4 (4)               ; 4 (4)                     ; 0                 ; 0          ; 0    ; 0            ; |picoMIPS4test|cpu:CPU01|pc:PRC0                   ; pc            ; work         ;
;       |port:PRT0|           ; 4 (4)               ; 5 (5)                     ; 0                 ; 0          ; 0    ; 0            ; |picoMIPS4test|cpu:CPU01|port:PRT0                 ; port          ; work         ;
;       |registers:GPR0|      ; 4 (4)               ; 32 (32)                   ; 0                 ; 0          ; 0    ; 0            ; |picoMIPS4test|cpu:CPU01|registers:GPR0            ; registers     ; work         ;
+-----------------------------+---------------------+---------------------------+-------------------+------------+------+--------------+----------------------------------------------------+---------------+--------------+
Note: For table entries with two numbers listed, the numbers in parentheses indicate the number of resources of the given type used by the specific entity alone. The numbers listed outside of parentheses indicate the total resources of the given type used by the specific entity and all of its sub-entities in the hierarchy.


+----------------------------------------------+
; Analysis & Synthesis DSP Block Usage Summary ;
+-------------------------------+--------------+
; Statistic                     ; Number Used  ;
+-------------------------------+--------------+
; Independent 9x9               ; 1            ;
; Total number of DSP blocks    ; 1            ;
;                               ;              ;
; Fixed Point Signed Multiplier ; 1            ;
+-------------------------------+--------------+


+------------------------------------------------------------+
; Registers Removed During Synthesis                         ;
+---------------------------------------+--------------------+
; Register name                         ; Reason for Removal ;
+---------------------------------------+--------------------+
; cpu:CPU01|pc:PRC0|PCout[4]            ; Lost fanout        ;
; Total Number of Removed Registers = 1 ;                    ;
+---------------------------------------+--------------------+


+------------------------------------------------------+
; General Register Statistics                          ;
+----------------------------------------------+-------+
; Statistic                                    ; Value ;
+----------------------------------------------+-------+
; Total registers                              ; 65    ;
; Number of registers using Synchronous Clear  ; 0     ;
; Number of registers using Synchronous Load   ; 0     ;
; Number of registers using Asynchronous Clear ; 4     ;
; Number of registers using Asynchronous Load  ; 0     ;
; Number of registers using Clock Enable       ; 32    ;
; Number of registers using Preset             ; 0     ;
+----------------------------------------------+-------+


+-----------------------------------------------------------------------------------------------------------------------------------------------------------+
; Multiplexer Restructuring Statistics (Restructuring Performed)                                                                                            ;
+--------------------+-----------+---------------+----------------------+------------------------+------------+---------------------------------------------+
; Multiplexer Inputs ; Bus Width ; Baseline Area ; Area if Restructured ; Saving if Restructured ; Registered ; Example Multiplexer Output                  ;
+--------------------+-----------+---------------+----------------------+------------------------+------------+---------------------------------------------+
; 3:1                ; 2 bits    ; 4 LEs         ; 2 LEs                ; 2 LEs                  ; Yes        ; |picoMIPS4test|cpu:CPU01|port:PRT0|portDone ;
; 4:1                ; 8 bits    ; 16 LEs        ; 16 LEs               ; 0 LEs                  ; No         ; |picoMIPS4test|cpu:CPU01|alu:ALU0|Mux7      ;
; 6:1                ; 8 bits    ; 32 LEs        ; 32 LEs               ; 0 LEs                  ; No         ; |picoMIPS4test|cpu:CPU01|AluB[7]            ;
; 8:1                ; 8 bits    ; 40 LEs        ; 16 LEs               ; 24 LEs                 ; No         ; |picoMIPS4test|cpu:CPU01|AluA[3]            ;
+--------------------+-----------+---------------+----------------------+------------------------+------------+---------------------------------------------+


+--------------------------------------------------------+
; Parameter Settings for User Entity Instance: counter:c ;
+----------------+-------+-------------------------------+
; Parameter Name ; Value ; Type                          ;
+----------------+-------+-------------------------------+
; n              ; 24    ; Signed Integer                ;
+----------------+-------+-------------------------------+
Note: In order to hide this table in the UI and the text report file, please set the "Show Parameter Settings in Synthesis Report" option in "Analysis and Synthesis Settings -> More Settings" to "Off".


+--------------------------------------------------------+
; Parameter Settings for User Entity Instance: cpu:CPU01 ;
+----------------+-------+-------------------------------+
; Parameter Name ; Value ; Type                          ;
+----------------+-------+-------------------------------+
; n              ; 8     ; Signed Integer                ;
+----------------+-------+-------------------------------+
Note: In order to hide this table in the UI and the text report file, please set the "Show Parameter Settings in Synthesis Report" option in "Analysis and Synthesis Settings -> More Settings" to "Off".


+----------------------------------------------------------------+
; Parameter Settings for User Entity Instance: cpu:CPU01|pc:PRC0 ;
+----------------+-------+---------------------------------------+
; Parameter Name ; Value ; Type                                  ;
+----------------+-------+---------------------------------------+
; Psize          ; 5     ; Signed Integer                        ;
+----------------+-------+---------------------------------------+
Note: In order to hide this table in the UI and the text report file, please set the "Show Parameter Settings in Synthesis Report" option in "Analysis and Synthesis Settings -> More Settings" to "Off".


+-----------------------------------------------------------------+
; Parameter Settings for User Entity Instance: cpu:CPU01|ROM:ROM0 ;
+----------------+-------+----------------------------------------+
; Parameter Name ; Value ; Type                                   ;
+----------------+-------+----------------------------------------+
; Psize          ; 5     ; Signed Integer                         ;
; Isize          ; 12    ; Signed Integer                         ;
+----------------+-------+----------------------------------------+
Note: In order to hide this table in the UI and the text report file, please set the "Show Parameter Settings in Synthesis Report" option in "Analysis and Synthesis Settings -> More Settings" to "Off".


+-----------------------------------------------------------------------+
; Parameter Settings for User Entity Instance: cpu:CPU01|registers:GPR0 ;
+----------------+-------+----------------------------------------------+
; Parameter Name ; Value ; Type                                         ;
+----------------+-------+----------------------------------------------+
; n              ; 8     ; Signed Integer                               ;
+----------------+-------+----------------------------------------------+
Note: In order to hide this table in the UI and the text report file, please set the "Show Parameter Settings in Synthesis Report" option in "Analysis and Synthesis Settings -> More Settings" to "Off".


+-----------------------------------------------------------------+
; Parameter Settings for User Entity Instance: cpu:CPU01|alu:ALU0 ;
+----------------+-------+----------------------------------------+
; Parameter Name ; Value ; Type                                   ;
+----------------+-------+----------------------------------------+
; n              ; 8     ; Signed Integer                         ;
+----------------+-------+----------------------------------------+
Note: In order to hide this table in the UI and the text report file, please set the "Show Parameter Settings in Synthesis Report" option in "Analysis and Synthesis Settings -> More Settings" to "Off".


+---------------------------------------------------------------------------------------------------------------------+
; Port Connectivity Checks: "cpu:CPU01|alu:ALU0|signed_mult:MUL0"                                                     ;
+-----------+--------+----------+-------------------------------------------------------------------------------------+
; Port      ; Type   ; Severity ; Details                                                                             ;
+-----------+--------+----------+-------------------------------------------------------------------------------------+
; out[6..0] ; Output ; Info     ; Connected to dangling logic. Logic that only feeds a dangling port will be removed. ;
; out[15]   ; Output ; Info     ; Connected to dangling logic. Logic that only feeds a dangling port will be removed. ;
+-----------+--------+----------+-------------------------------------------------------------------------------------+


+------------------------------------------------------------------------------------------------------------------+
; Port Connectivity Checks: "cpu:CPU01|port:PRT0"                                                                  ;
+--------+--------+----------+-------------------------------------------------------------------------------------+
; Port   ; Type   ; Severity ; Details                                                                             ;
+--------+--------+----------+-------------------------------------------------------------------------------------+
; dispY2 ; Output ; Info     ; Connected to dangling logic. Logic that only feeds a dangling port will be removed. ;
+--------+--------+----------+-------------------------------------------------------------------------------------+


+-----------------------------------------------------+
; Post-Synthesis Netlist Statistics for Top Partition ;
+-----------------------+-----------------------------+
; Type                  ; Count                       ;
+-----------------------+-----------------------------+
; arriav_ff             ; 65                          ;
;     CLR               ; 4                           ;
;     ENA               ; 32                          ;
;     plain             ; 29                          ;
; arriav_lcell_comb     ; 109                         ;
;     arith             ; 31                          ;
;         1 data inputs ; 22                          ;
;         2 data inputs ; 1                           ;
;         5 data inputs ; 8                           ;
;     normal            ; 78                          ;
;         1 data inputs ; 1                           ;
;         2 data inputs ; 3                           ;
;         3 data inputs ; 20                          ;
;         4 data inputs ; 19                          ;
;         5 data inputs ; 19                          ;
;         6 data inputs ; 16                          ;
; arriav_mac            ; 1                           ;
; boundary_port         ; 20                          ;
;                       ;                             ;
; Max LUT depth         ; 5.70                        ;
; Average LUT depth     ; 3.38                        ;
+-----------------------+-----------------------------+


+-------------------------------+
; Elapsed Time Per Partition    ;
+----------------+--------------+
; Partition Name ; Elapsed Time ;
+----------------+--------------+
; Top            ; 00:00:00     ;
+----------------+--------------+


+-------------------------------+
; Analysis & Synthesis Messages ;
+-------------------------------+
Info: *******************************************************************
Info: Running Quartus Prime Analysis & Synthesis
    Info: Version 16.1.0 Build 196 10/24/2016 SJ Lite Edition
    Info: Processing started: Wed May 01 20:14:54 2019
Info: Command: quartus_map --read_settings_files=on --write_settings_files=off picoMIPS -c picoMIPS
Warning (18236): Number of processors has not been specified which may cause overloading on shared machines.  Set the global assignment NUM_PARALLEL_PROCESSORS in your QSF to an appropriate value for best performance.
Info (20030): Parallel compilation is enabled and will use 4 of the 4 processors detected
Info (12021): Found 1 design units, including 1 entities, in source file /users/peter/home/projects/sv/ep-cwk/src/design/port.sv
    Info (12023): Found entity 1: port File: C:/Users/Peter/Home/Projects/SV/EP-cwk/src/design/port.sv Line: 3
Info (12021): Found 1 design units, including 1 entities, in source file /users/peter/home/projects/sv/ep-cwk/src/design/signed_mult.sv
    Info (12023): Found entity 1: signed_mult File: C:/Users/Peter/Home/Projects/SV/EP-cwk/src/design/signed_mult.sv Line: 1
Info (12021): Found 1 design units, including 1 entities, in source file /users/peter/home/projects/sv/ep-cwk/src/design/rom.sv
    Info (12023): Found entity 1: ROM File: C:/Users/Peter/Home/Projects/SV/EP-cwk/src/design/ROM.sv Line: 1
Info (12021): Found 1 design units, including 1 entities, in source file /users/peter/home/projects/sv/ep-cwk/src/design/registers.sv
    Info (12023): Found entity 1: registers File: C:/Users/Peter/Home/Projects/SV/EP-cwk/src/design/registers.sv Line: 1
Info (12021): Found 1 design units, including 1 entities, in source file /users/peter/home/projects/sv/ep-cwk/src/design/picomips4test.sv
    Info (12023): Found entity 1: picoMIPS4test File: C:/Users/Peter/Home/Projects/SV/EP-cwk/src/design/picoMIPS4test.sv Line: 2
Info (12021): Found 1 design units, including 1 entities, in source file /users/peter/home/projects/sv/ep-cwk/src/design/pc.sv
    Info (12023): Found entity 1: pc File: C:/Users/Peter/Home/Projects/SV/EP-cwk/src/design/pc.sv Line: 1
Info (12021): Found 0 design units, including 0 entities, in source file /users/peter/home/projects/sv/ep-cwk/src/design/opcodes.sv
Info (12021): Found 1 design units, including 1 entities, in source file /users/peter/home/projects/sv/ep-cwk/src/design/decoder.sv
    Info (12023): Found entity 1: decoder File: C:/Users/Peter/Home/Projects/SV/EP-cwk/src/design/decoder.sv Line: 4
Info (12021): Found 1 design units, including 1 entities, in source file /users/peter/home/projects/sv/ep-cwk/src/design/cpu.sv
    Info (12023): Found entity 1: cpu File: C:/Users/Peter/Home/Projects/SV/EP-cwk/src/design/cpu.sv Line: 2
Info (12021): Found 1 design units, including 1 entities, in source file /users/peter/home/projects/sv/ep-cwk/src/design/counter.sv
    Info (12023): Found entity 1: counter File: C:/Users/Peter/Home/Projects/SV/EP-cwk/src/design/counter.sv Line: 2
Info (12021): Found 0 design units, including 0 entities, in source file /users/peter/home/projects/sv/ep-cwk/src/design/alucodes.sv
Info (12021): Found 1 design units, including 1 entities, in source file /users/peter/home/projects/sv/ep-cwk/src/design/alu.sv
    Info (12023): Found entity 1: alu File: C:/Users/Peter/Home/Projects/SV/EP-cwk/src/design/alu.sv Line: 2
Warning (10222): Verilog HDL Parameter Declaration warning at cpu.sv(23): Parameter Declaration in module "cpu" behaves as a Local Parameter Declaration because the module has a Module Parameter Port List File: C:/Users/Peter/Home/Projects/SV/EP-cwk/src/design/cpu.sv Line: 23
Warning (10222): Verilog HDL Parameter Declaration warning at cpu.sv(28): Parameter Declaration in module "cpu" behaves as a Local Parameter Declaration because the module has a Module Parameter Port List File: C:/Users/Peter/Home/Projects/SV/EP-cwk/src/design/cpu.sv Line: 28
Info (12127): Elaborating entity "picoMIPS4test" for the top level hierarchy
Info (12128): Elaborating entity "counter" for hierarchy "counter:c" File: C:/Users/Peter/Home/Projects/SV/EP-cwk/src/design/picoMIPS4test.sv Line: 10
Warning (10230): Verilog HDL assignment warning at counter.sv(11): truncated value with size 32 to match size of target (24) File: C:/Users/Peter/Home/Projects/SV/EP-cwk/src/design/counter.sv Line: 11
Info (12128): Elaborating entity "cpu" for hierarchy "cpu:CPU01" File: C:/Users/Peter/Home/Projects/SV/EP-cwk/src/design/picoMIPS4test.sv Line: 15
Info (12128): Elaborating entity "pc" for hierarchy "cpu:CPU01|pc:PRC0" File: C:/Users/Peter/Home/Projects/SV/EP-cwk/src/design/cpu.sv Line: 44
Info (12128): Elaborating entity "ROM" for hierarchy "cpu:CPU01|ROM:ROM0" File: C:/Users/Peter/Home/Projects/SV/EP-cwk/src/design/cpu.sv Line: 49
Warning (10230): Verilog HDL assignment warning at affine2.hex(6): truncated value with size 16 to match size of target (13) File: C:/Users/Peter/Home/Projects/SV/EP-cwk/src/design/affine2.hex Line: 6
Warning (10230): Verilog HDL assignment warning at affine2.hex(7): truncated value with size 16 to match size of target (13) File: C:/Users/Peter/Home/Projects/SV/EP-cwk/src/design/affine2.hex Line: 7
Warning (10230): Verilog HDL assignment warning at affine2.hex(8): truncated value with size 16 to match size of target (13) File: C:/Users/Peter/Home/Projects/SV/EP-cwk/src/design/affine2.hex Line: 8
Warning (10230): Verilog HDL assignment warning at affine2.hex(9): truncated value with size 16 to match size of target (13) File: C:/Users/Peter/Home/Projects/SV/EP-cwk/src/design/affine2.hex Line: 9
Warning (10230): Verilog HDL assignment warning at affine2.hex(10): truncated value with size 16 to match size of target (13) File: C:/Users/Peter/Home/Projects/SV/EP-cwk/src/design/affine2.hex Line: 10
Warning (10230): Verilog HDL assignment warning at affine2.hex(11): truncated value with size 16 to match size of target (13) File: C:/Users/Peter/Home/Projects/SV/EP-cwk/src/design/affine2.hex Line: 11
Warning (10230): Verilog HDL assignment warning at affine2.hex(12): truncated value with size 16 to match size of target (13) File: C:/Users/Peter/Home/Projects/SV/EP-cwk/src/design/affine2.hex Line: 12
Warning (10230): Verilog HDL assignment warning at affine2.hex(13): truncated value with size 16 to match size of target (13) File: C:/Users/Peter/Home/Projects/SV/EP-cwk/src/design/affine2.hex Line: 13
Warning (10230): Verilog HDL assignment warning at affine2.hex(14): truncated value with size 16 to match size of target (13) File: C:/Users/Peter/Home/Projects/SV/EP-cwk/src/design/affine2.hex Line: 14
Warning (10230): Verilog HDL assignment warning at affine2.hex(15): truncated value with size 16 to match size of target (13) File: C:/Users/Peter/Home/Projects/SV/EP-cwk/src/design/affine2.hex Line: 15
Warning (10230): Verilog HDL assignment warning at affine2.hex(16): truncated value with size 16 to match size of target (13) File: C:/Users/Peter/Home/Projects/SV/EP-cwk/src/design/affine2.hex Line: 16
Warning (10230): Verilog HDL assignment warning at affine2.hex(17): truncated value with size 16 to match size of target (13) File: C:/Users/Peter/Home/Projects/SV/EP-cwk/src/design/affine2.hex Line: 17
Warning (10230): Verilog HDL assignment warning at affine2.hex(18): truncated value with size 16 to match size of target (13) File: C:/Users/Peter/Home/Projects/SV/EP-cwk/src/design/affine2.hex Line: 18
Warning (10030): Net "memory.data_a" at ROM.sv(8) has no driver or initial value, using a default initial value '0' File: C:/Users/Peter/Home/Projects/SV/EP-cwk/src/design/ROM.sv Line: 8
Warning (10030): Net "memory.waddr_a" at ROM.sv(8) has no driver or initial value, using a default initial value '0' File: C:/Users/Peter/Home/Projects/SV/EP-cwk/src/design/ROM.sv Line: 8
Warning (10030): Net "memory.we_a" at ROM.sv(8) has no driver or initial value, using a default initial value '0' File: C:/Users/Peter/Home/Projects/SV/EP-cwk/src/design/ROM.sv Line: 8
Info (12128): Elaborating entity "decoder" for hierarchy "cpu:CPU01|decoder:DCR0" File: C:/Users/Peter/Home/Projects/SV/EP-cwk/src/design/cpu.sv Line: 60
Info (12128): Elaborating entity "port" for hierarchy "cpu:CPU01|port:PRT0" File: C:/Users/Peter/Home/Projects/SV/EP-cwk/src/design/cpu.sv Line: 70
Info (12128): Elaborating entity "registers" for hierarchy "cpu:CPU01|registers:GPR0" File: C:/Users/Peter/Home/Projects/SV/EP-cwk/src/design/cpu.sv Line: 84
Info (12128): Elaborating entity "alu" for hierarchy "cpu:CPU01|alu:ALU0" File: C:/Users/Peter/Home/Projects/SV/EP-cwk/src/design/cpu.sv Line: 91
Info (12128): Elaborating entity "signed_mult" for hierarchy "cpu:CPU01|alu:ALU0|signed_mult:MUL0" File: C:/Users/Peter/Home/Projects/SV/EP-cwk/src/design/alu.sv Line: 20
Info (276014): Found 1 instances of uninferred RAM logic
    Info (276004): RAM logic "cpu:CPU01|ROM:ROM0|memory" is uninferred due to inappropriate RAM size File: C:/Users/Peter/Home/Projects/SV/EP-cwk/src/design/ROM.sv Line: 8
Critical Warning (127005): Memory depth (16) in the design file differs from memory depth (13) in the Memory Initialization File "C:/Users/Peter/Home/Projects/SV/EP-cwk/synthesis/db/picoMIPS.ram0_ROM_c1a0773f.hdl.mif" -- setting initial value for remaining addresses to 0
Info (286030): Timing-Driven Synthesis is running
Info (17049): 1 registers lost all their fanouts during netlist optimizations.
Info (144001): Generated suppressed messages file C:/Users/Peter/Home/Projects/SV/EP-cwk/synthesis/output_files/picoMIPS.map.smsg
Info (16010): Generating hard_block partition "hard_block:auto_generated_inst"
    Info (16011): Adding 0 node(s), including 0 DDIO, 0 PLL, 0 transceiver and 0 LCELL
Info (21057): Implemented 164 device resources after synthesis - the final resource count might be different
    Info (21058): Implemented 11 input pins
    Info (21059): Implemented 9 output pins
    Info (21061): Implemented 143 logic cells
    Info (21062): Implemented 1 DSP elements
Info: Quartus Prime Analysis & Synthesis was successful. 0 errors, 21 warnings
    Info: Peak virtual memory: 4850 megabytes
    Info: Processing ended: Wed May 01 20:15:06 2019
    Info: Elapsed time: 00:00:12
    Info: Total CPU time (on all processors): 00:00:27


+------------------------------------------+
; Analysis & Synthesis Suppressed Messages ;
+------------------------------------------+
The suppressed messages can be found in C:/Users/Peter/Home/Projects/SV/EP-cwk/synthesis/output_files/picoMIPS.map.smsg.


