------------------------------------------------------------
TimeQuest Timing Analyzer Summary
------------------------------------------------------------

Type  : Slow 1100mV 85C Model Setup 'counter:c|count[23]'
Slack : -6.973
TNS   : -229.601

Type  : Slow 1100mV 85C Model Setup 'fastclk'
Slack : -3.957
TNS   : -33.291

Type  : Slow 1100mV 85C Model Hold 'fastclk'
Slack : 0.379
TNS   : 0.000

Type  : Slow 1100mV 85C Model Hold 'counter:c|count[23]'
Slack : 1.039
TNS   : 0.000

Type  : Slow 1100mV 85C Model Minimum Pulse Width 'fastclk'
Slack : -0.708
TNS   : -16.278

Type  : Slow 1100mV 85C Model Minimum Pulse Width 'counter:c|count[23]'
Slack : -0.394
TNS   : -19.990

Type  : Slow 1100mV 0C Model Setup 'counter:c|count[23]'
Slack : -7.004
TNS   : -230.107

Type  : Slow 1100mV 0C Model Setup 'fastclk'
Slack : -3.807
TNS   : -35.042

Type  : Slow 1100mV 0C Model Hold 'fastclk'
Slack : 0.380
TNS   : 0.000

Type  : Slow 1100mV 0C Model Hold 'counter:c|count[23]'
Slack : 0.992
TNS   : 0.000

Type  : Slow 1100mV 0C Model Minimum Pulse Width 'fastclk'
Slack : -0.716
TNS   : -15.105

Type  : Slow 1100mV 0C Model Minimum Pulse Width 'counter:c|count[23]'
Slack : -0.394
TNS   : -19.750

Type  : Fast 1100mV 85C Model Setup 'counter:c|count[23]'
Slack : -3.699
TNS   : -120.889

Type  : Fast 1100mV 85C Model Setup 'fastclk'
Slack : -3.060
TNS   : -11.126

Type  : Fast 1100mV 85C Model Hold 'fastclk'
Slack : 0.200
TNS   : 0.000

Type  : Fast 1100mV 85C Model Hold 'counter:c|count[23]'
Slack : 0.545
TNS   : 0.000

Type  : Fast 1100mV 85C Model Minimum Pulse Width 'fastclk'
Slack : -0.765
TNS   : -11.732

Type  : Fast 1100mV 85C Model Minimum Pulse Width 'counter:c|count[23]'
Slack : 0.028
TNS   : 0.000

Type  : Fast 1100mV 0C Model Setup 'counter:c|count[23]'
Slack : -3.381
TNS   : -110.282

Type  : Fast 1100mV 0C Model Setup 'fastclk'
Slack : -2.575
TNS   : -9.759

Type  : Fast 1100mV 0C Model Hold 'fastclk'
Slack : 0.190
TNS   : 0.000

Type  : Fast 1100mV 0C Model Hold 'counter:c|count[23]'
Slack : 0.485
TNS   : 0.000

Type  : Fast 1100mV 0C Model Minimum Pulse Width 'fastclk'
Slack : -0.777
TNS   : -13.947

Type  : Fast 1100mV 0C Model Minimum Pulse Width 'counter:c|count[23]'
Slack : 0.055
TNS   : 0.000

------------------------------------------------------------
