------------------------------------------------------------
TimeQuest Timing Analyzer Summary
------------------------------------------------------------

Type  : Slow 1100mV 85C Model Setup 'counter:c|count[23]'
Slack : -7.992
TNS   : -252.499

Type  : Slow 1100mV 85C Model Setup 'fastclk'
Slack : -3.932
TNS   : -32.613

Type  : Slow 1100mV 85C Model Hold 'fastclk'
Slack : 0.380
TNS   : 0.000

Type  : Slow 1100mV 85C Model Hold 'counter:c|count[23]'
Slack : 0.742
TNS   : 0.000

Type  : Slow 1100mV 85C Model Minimum Pulse Width 'fastclk'
Slack : -0.618
TNS   : -16.263

Type  : Slow 1100mV 85C Model Minimum Pulse Width 'counter:c|count[23]'
Slack : -0.394
TNS   : -24.019

Type  : Slow 1100mV 0C Model Setup 'counter:c|count[23]'
Slack : -7.975
TNS   : -252.623

Type  : Slow 1100mV 0C Model Setup 'fastclk'
Slack : -3.823
TNS   : -34.566

Type  : Slow 1100mV 0C Model Hold 'fastclk'
Slack : 0.380
TNS   : 0.000

Type  : Slow 1100mV 0C Model Hold 'counter:c|count[23]'
Slack : 0.719
TNS   : 0.000

Type  : Slow 1100mV 0C Model Minimum Pulse Width 'fastclk'
Slack : -0.660
TNS   : -15.061

Type  : Slow 1100mV 0C Model Minimum Pulse Width 'counter:c|count[23]'
Slack : -0.394
TNS   : -23.763

Type  : Fast 1100mV 85C Model Setup 'counter:c|count[23]'
Slack : -4.399
TNS   : -133.253

Type  : Fast 1100mV 85C Model Setup 'fastclk'
Slack : -3.164
TNS   : -10.424

Type  : Fast 1100mV 85C Model Hold 'fastclk'
Slack : 0.187
TNS   : 0.000

Type  : Fast 1100mV 85C Model Hold 'counter:c|count[23]'
Slack : 0.368
TNS   : 0.000

Type  : Fast 1100mV 85C Model Minimum Pulse Width 'fastclk'
Slack : -0.708
TNS   : -11.675

Type  : Fast 1100mV 85C Model Minimum Pulse Width 'counter:c|count[23]'
Slack : 0.069
TNS   : 0.000

Type  : Fast 1100mV 0C Model Setup 'counter:c|count[23]'
Slack : -3.987
TNS   : -120.794

Type  : Fast 1100mV 0C Model Setup 'fastclk'
Slack : -2.679
TNS   : -9.289

Type  : Fast 1100mV 0C Model Hold 'fastclk'
Slack : 0.177
TNS   : 0.000

Type  : Fast 1100mV 0C Model Hold 'counter:c|count[23]'
Slack : 0.336
TNS   : 0.000

Type  : Fast 1100mV 0C Model Minimum Pulse Width 'fastclk'
Slack : -0.756
TNS   : -13.930

Type  : Fast 1100mV 0C Model Minimum Pulse Width 'counter:c|count[23]'
Slack : 0.096
TNS   : 0.000

------------------------------------------------------------
